// Jest Snapshot v1, https://goo.gl/fbAQLP

exports[`Header test should render correctly with props 1`] = `
<header
  className="header"
>
  <div
    className="header__wrapper"
  >
    <div
      className="header__logo"
    >
      <img
        src="../src/assets/images/Logo_ML.png"
      />
    </div>
    <div
      className="header__imput"
    >
      <ImputSearch
        handleChange={[MockFunction]}
        handleSearch={[MockFunction]}
        placeholder="Nunca deixe de buscar"
        type="text"
      />
    </div>
  </div>
</header>
`;
